{"authorisedScriptsSTCS":"00000000000000000000000000000000000000000000000000000000","compilationConfig":"NoTracing","mintingPoliciesNonceList":[1,2,3],"stakingValidatorsNonceList":[1,2]}