{"authorisedScriptsSTCS":"00000000000000000000000000000000000000000000000000000000","mintingPoliciesNonceList":[1,2,3],"stakingValidatorsNonceList":[1,2]}